﻿
> logistics-frontend@0.0.0 build
> vite build

[36mvite v5.4.21 [32mbuilding for production...[36m[39m
transforming...
[32mΓ£ô[39m 36 modules transformed.
node.exe : [31mx[39m Build 
failed in 322ms
At line:1 char:1
+ & "C:\Program 
Files\nodejs/node.exe" 
"C:\Program 
Files\nodejs/node_mo ...
+ ~~~~~~~~~~~~~~~~~~~~~~~~~~~
~~~~~~~~~~~~~~~~~~~~~~~~~~~~~
~~~~~~~~~~~~~
    + CategoryInfo           
   : NotSpecified: ([31mx  
  [39m Build failed in 322   
 ms:String) [], RemoteExc    
eption
    + FullyQualifiedErrorId  
   : NativeCommandError
 
[31merror during build:
[31m[vite]: Rollup failed 
to resolve import 
"react-leaflet" from "E:/TN-I
mpact/client/src/dashboards/S
ellerDashboard.jsx".
This is most likely 
unintended because it can 
break your application at 
runtime.
If you do want to 
externalize this module 
explicitly add it to
`build.rollupOptions.external
`[31m
    at viteWarn (file:///E:/T
N-Impact/client/node_modules/
vite/dist/node/chunks/dep-BK3
b2jBa.js:65855:17)
    at onwarn (file:///E:/TN-
Impact/client/node_modules/@v
itejs/plugin-react/dist/index
.js:90:7)
    at onRollupWarning (file:
///E:/TN-Impact/client/node_m
odules/vite/dist/node/chunks/
dep-BK3b2jBa.js:65885:5)
    at onwarn (file:///E:/TN-
Impact/client/node_modules/vi
te/dist/node/chunks/dep-BK3b2
jBa.js:65550:7)
    at file:///E:/TN-Impact/c
lient/node_modules/rollup/dis
t/es/shared/node-entry.js:209
95:13
    at Object.logger [as 
onLog] (file:///E:/TN-Impact/
client/node_modules/rollup/di
st/es/shared/node-entry.js:22
968:9)
    at ModuleLoader.handleInv
alidResolvedId (file:///E:/TN
-Impact/client/node_modules/r
ollup/dist/es/shared/node-ent
ry.js:21712:26)
    at file:///E:/TN-Impact/c
lient/node_modules/rollup/dis
t/es/shared/node-entry.js:216
70:26[39m
